Nothing to build in platform 'cpp_test'

Nothing to build in platform 'cpp_test_1'

14:25:19 **** Incremental Build of configuration Debug for project i_o_test ****
make all 
'Building file: ../src/helloworld.c'
'Invoking: MicroBlaze gcc compiler'
mb-gcc -Wall -O0 -g3 -c -fmessage-length=0 -MT"src/helloworld.o" -IF:/ECE385-group-work/final/cpp_code_test/cpp_vitis/cpp_test_1/export/cpp_test_1/sw/cpp_test_1/standalone_microblaze_0/bspinclude/include -mno-xl-reorder -mlittle-endian -mxl-barrel-shift -mxl-pattern-compare -mcpu=v11.0 -mno-xl-soft-mul -Wl,--no-relax -ffunction-sections -fdata-sections -MMD -MP -MF"src/helloworld.d" -MT"src/helloworld.o" -o "src/helloworld.o" "../src/helloworld.c"
../src/helloworld.c: In function 'board_checker':
../src/helloworld.c:55:13: warning: unused variable 'line' [-Wunused-variable]
   55 |     uint8_t line;
      |             ^~~~
'Finished building: ../src/helloworld.c'
' '
'Building target: i_o_test.elf'
'Invoking: MicroBlaze gcc linker'
mb-gcc -Wl,-T -Wl,../src/lscript.ld -LF:/ECE385-group-work/final/cpp_code_test/cpp_vitis/cpp_test_1/export/cpp_test_1/sw/cpp_test_1/standalone_microblaze_0/bsplib/lib -mlittle-endian -mxl-barrel-shift -mxl-pattern-compare -mcpu=v11.0 -mno-xl-soft-mul -Wl,--no-relax -Wl,--gc-sections -o "i_o_test.elf"  ./src/helloworld.o ./src/platform.o   -Wl,--start-group,-lxil,-lgcc,-lc,--end-group
'Finished building target: i_o_test.elf'
' '
'Invoking: MicroBlaze Print Size'
mb-size i_o_test.elf  |tee "i_o_test.elf.size"
   text	   data	    bss	    dec	    hex	filename
 105208	   1724	   3172	 110104	  1ae18	i_o_test.elf
'Finished building: i_o_test.elf.size'
' '
14:25:20 **** Incremental Build of configuration Debug for project i_o_test_system ****
make all 
Skipping SD card image generation. Reason: "The system project only has applications for microblaze processors."
